// Jest Snapshot v1, https://goo.gl/fbAQLP

exports[`renders correctly with existing purchase 1`] = `
<DocumentFragment>
  <div
    class="makeStyles-root-7"
  >
    <header
      class="MuiPaper-root MuiAppBar-root MuiAppBar-positionStatic MuiAppBar-colorPrimary MuiPaper-elevation4"
    >
      <div
        class="MuiToolbar-root MuiToolbar-regular MuiToolbar-gutters"
      >
        <button
          class="MuiButtonBase-root MuiIconButton-root MuiIconButton-colorInherit"
          tabindex="0"
          type="button"
        >
          <span
            class="MuiIconButton-label"
          >
            <svg
              aria-hidden="true"
              class="MuiSvgIcon-root"
              focusable="false"
              viewBox="0 0 24 24"
            >
              <path
                d="M20 11H7.83l5.59-5.59L12 4l-8 8 8 8 1.41-1.41L7.83 13H20v-2z"
              />
            </svg>
          </span>
          <span
            class="MuiTouchRipple-root"
          />
        </button>
        <h6
          class="MuiTypography-root makeStyles-title-9 MuiTypography-h6"
        >
          Edit Purchase
        </h6>
        <button
          class="MuiButtonBase-root MuiIconButton-root MuiIconButton-colorInherit"
          tabindex="0"
          type="button"
        >
          <span
            class="MuiIconButton-label"
          >
            <svg
              aria-hidden="true"
              class="MuiSvgIcon-root"
              focusable="false"
              viewBox="0 0 24 24"
            >
              <path
                d="M9 16.2L4.8 12l-1.4 1.4L9 19 21 7l-1.4-1.4L9 16.2z"
              />
            </svg>
          </span>
          <span
            class="MuiTouchRipple-root"
          />
        </button>
      </div>
    </header>
    <div
      class="makeStyles-contentRoot-8"
    >
      <div
        class="MuiContainer-root MuiContainer-fixed MuiContainer-maxWidthLg"
        style="width: 100%; height: 100%;"
      >
        <div
          class="MuiPaper-root MuiPaper-elevation1 MuiPaper-rounded"
        >
          <div
            class="MuiBox-root MuiBox-root-10"
          >
            <div
              class="MuiFormGroup-root"
            >
              <div
                aria-expanded="false"
                class="MuiAutocomplete-root MuiAutocomplete-hasClearIcon"
                role="combobox"
              >
                <div
                  class="MuiFormControl-root MuiTextField-root MuiFormControl-fullWidth"
                >
                  <label
                    class="MuiFormLabel-root MuiInputLabel-root MuiInputLabel-formControl MuiInputLabel-animated MuiInputLabel-shrink MuiFormLabel-filled"
                    data-shrink="true"
                    for="product-autocomplete"
                    id="product-autocomplete-label"
                  >
                    Product
                  </label>
                  <div
                    class="MuiInputBase-root MuiInput-root MuiInput-underline MuiAutocomplete-inputRoot MuiInputBase-fullWidth MuiInput-fullWidth MuiInputBase-formControl MuiInput-formControl MuiInputBase-adornedEnd"
                  >
                    <input
                      aria-autocomplete="list"
                      aria-invalid="false"
                      autocapitalize="none"
                      autocomplete="off"
                      class="MuiInputBase-input MuiInput-input MuiAutocomplete-input MuiAutocomplete-inputFocused MuiInputBase-inputAdornedEnd"
                      id="product-autocomplete"
                      spellcheck="false"
                      type="text"
                      value="product 2"
                    />
                    <div
                      class="MuiAutocomplete-endAdornment"
                    >
                      <button
                        aria-label="Clear"
                        class="MuiButtonBase-root MuiIconButton-root MuiAutocomplete-clearIndicator MuiAutocomplete-clearIndicatorDirty"
                        tabindex="-1"
                        title="Clear"
                        type="button"
                      >
                        <span
                          class="MuiIconButton-label"
                        >
                          <svg
                            aria-hidden="true"
                            class="MuiSvgIcon-root MuiSvgIcon-fontSizeSmall"
                            focusable="false"
                            viewBox="0 0 24 24"
                          >
                            <path
                              d="M19 6.41L17.59 5 12 10.59 6.41 5 5 6.41 10.59 12 5 17.59 6.41 19 12 13.41 17.59 19 19 17.59 13.41 12z"
                            />
                          </svg>
                        </span>
                        <span
                          class="MuiTouchRipple-root"
                        />
                      </button>
                    </div>
                  </div>
                </div>
              </div>
              <div
                class="MuiFormControl-root MuiTextField-root MuiFormControl-marginNormal"
              >
                <label
                  class="MuiFormLabel-root MuiInputLabel-root MuiInputLabel-formControl MuiInputLabel-animated MuiInputLabel-shrink MuiFormLabel-filled"
                  data-shrink="true"
                >
                  Purchase Date
                </label>
                <div
                  class="MuiInputBase-root MuiInput-root MuiInput-underline MuiInputBase-formControl MuiInput-formControl MuiInputBase-adornedEnd"
                >
                  <input
                    aria-invalid="false"
                    class="MuiInputBase-input MuiInput-input MuiInputBase-inputAdornedEnd"
                    type="text"
                    value="14.03.2020"
                  />
                  <div
                    class="MuiInputAdornment-root MuiInputAdornment-positionEnd"
                  >
                    <button
                      class="MuiButtonBase-root MuiIconButton-root"
                      tabindex="0"
                      type="button"
                    >
                      <span
                        class="MuiIconButton-label"
                      >
                        <svg
                          aria-hidden="true"
                          class="MuiSvgIcon-root"
                          focusable="false"
                          viewBox="0 0 24 24"
                        >
                          <path
                            d="M17 12h-5v5h5v-5zM16 1v2H8V1H6v2H5c-1.11 0-1.99.9-1.99 2L3 19c0 1.1.89 2 2 2h14c1.1 0 2-.9 2-2V5c0-1.1-.9-2-2-2h-1V1h-2zm3 18H5V8h14v11z"
                          />
                          <path
                            d="M0 0h24v24H0z"
                            fill="none"
                          />
                        </svg>
                      </span>
                      <span
                        class="MuiTouchRipple-root"
                      />
                    </button>
                  </div>
                </div>
              </div>
              <div
                class="MuiFormControl-root MuiTextField-root"
              >
                <label
                  class="MuiFormLabel-root MuiInputLabel-root MuiInputLabel-formControl MuiInputLabel-animated MuiInputLabel-shrink MuiFormLabel-filled"
                  data-shrink="true"
                >
                  Price
                </label>
                <div
                  class="MuiInputBase-root MuiInput-root MuiInput-underline MuiInputBase-formControl MuiInput-formControl MuiInputBase-adornedEnd"
                >
                  <input
                    aria-invalid="false"
                    class="MuiInputBase-input MuiInput-input MuiInputBase-inputAdornedEnd"
                    type="number"
                    value="0.2"
                  />
                  <div
                    class="MuiInputAdornment-root MuiInputAdornment-positionEnd"
                  >
                    <p
                      class="MuiTypography-root MuiTypography-body1 MuiTypography-colorTextSecondary"
                    >
                      â‚¬
                    </p>
                  </div>
                </div>
              </div>
              <div
                class="MuiFormControl-root MuiTextField-root"
              >
                <label
                  class="MuiFormLabel-root MuiInputLabel-root MuiInputLabel-formControl MuiInputLabel-animated MuiInputLabel-shrink MuiFormLabel-filled"
                  data-shrink="true"
                >
                  Quantity
                </label>
                <div
                  class="MuiInputBase-root MuiInput-root MuiInput-underline MuiInputBase-formControl MuiInput-formControl"
                >
                  <input
                    aria-invalid="false"
                    class="MuiInputBase-input MuiInput-input"
                    type="number"
                    value="0.8"
                  />
                </div>
              </div>
              <div
                aria-expanded="false"
                class="MuiAutocomplete-root MuiAutocomplete-hasClearIcon"
                role="combobox"
              >
                <div
                  class="MuiFormControl-root MuiTextField-root MuiFormControl-fullWidth"
                >
                  <label
                    class="MuiFormLabel-root MuiInputLabel-root MuiInputLabel-formControl MuiInputLabel-animated MuiInputLabel-shrink"
                    data-shrink="true"
                    for="tag-autocomplete"
                    id="tag-autocomplete-label"
                  >
                    Tags
                  </label>
                  <div
                    class="MuiInputBase-root MuiInput-root MuiInput-underline MuiAutocomplete-inputRoot MuiInputBase-fullWidth MuiInput-fullWidth MuiInputBase-formControl MuiInput-formControl MuiInputBase-adornedStart MuiInputBase-adornedEnd"
                  >
                    <div
                      class="MuiChip-root MuiAutocomplete-tag MuiChip-deletable"
                      data-tag-index="0"
                      role="button"
                      tabindex="-1"
                    >
                      <span
                        class="MuiChip-label"
                      >
                        tag 1
                      </span>
                      <svg
                        aria-hidden="true"
                        class="MuiSvgIcon-root MuiChip-deleteIcon"
                        focusable="false"
                        viewBox="0 0 24 24"
                      >
                        <path
                          d="M12 2C6.47 2 2 6.47 2 12s4.47 10 10 10 10-4.47 10-10S17.53 2 12 2zm5 13.59L15.59 17 12 13.41 8.41 17 7 15.59 10.59 12 7 8.41 8.41 7 12 10.59 15.59 7 17 8.41 13.41 12 17 15.59z"
                        />
                      </svg>
                    </div>
                    <div
                      class="MuiChip-root MuiAutocomplete-tag MuiChip-deletable"
                      data-tag-index="1"
                      role="button"
                      tabindex="-1"
                    >
                      <span
                        class="MuiChip-label"
                      >
                        tag 2
                      </span>
                      <svg
                        aria-hidden="true"
                        class="MuiSvgIcon-root MuiChip-deleteIcon"
                        focusable="false"
                        viewBox="0 0 24 24"
                      >
                        <path
                          d="M12 2C6.47 2 2 6.47 2 12s4.47 10 10 10 10-4.47 10-10S17.53 2 12 2zm5 13.59L15.59 17 12 13.41 8.41 17 7 15.59 10.59 12 7 8.41 8.41 7 12 10.59 15.59 7 17 8.41 13.41 12 17 15.59z"
                        />
                      </svg>
                    </div>
                    <div
                      class="MuiChip-root MuiAutocomplete-tag MuiChip-deletable"
                      data-tag-index="2"
                      role="button"
                      tabindex="-1"
                    >
                      <span
                        class="MuiChip-label"
                      >
                        tag 3
                      </span>
                      <svg
                        aria-hidden="true"
                        class="MuiSvgIcon-root MuiChip-deleteIcon"
                        focusable="false"
                        viewBox="0 0 24 24"
                      >
                        <path
                          d="M12 2C6.47 2 2 6.47 2 12s4.47 10 10 10 10-4.47 10-10S17.53 2 12 2zm5 13.59L15.59 17 12 13.41 8.41 17 7 15.59 10.59 12 7 8.41 8.41 7 12 10.59 15.59 7 17 8.41 13.41 12 17 15.59z"
                        />
                      </svg>
                    </div>
                    <input
                      aria-autocomplete="list"
                      aria-invalid="false"
                      autocapitalize="none"
                      autocomplete="off"
                      class="MuiInputBase-input MuiInput-input MuiAutocomplete-input MuiAutocomplete-inputFocused MuiInputBase-inputAdornedStart MuiInputBase-inputAdornedEnd"
                      id="tag-autocomplete"
                      placeholder="Add Tag"
                      spellcheck="false"
                      type="text"
                      value=""
                    />
                    <div
                      class="MuiAutocomplete-endAdornment"
                    >
                      <button
                        aria-label="Clear"
                        class="MuiButtonBase-root MuiIconButton-root MuiAutocomplete-clearIndicator MuiAutocomplete-clearIndicatorDirty"
                        tabindex="-1"
                        title="Clear"
                        type="button"
                      >
                        <span
                          class="MuiIconButton-label"
                        >
                          <svg
                            aria-hidden="true"
                            class="MuiSvgIcon-root MuiSvgIcon-fontSizeSmall"
                            focusable="false"
                            viewBox="0 0 24 24"
                          >
                            <path
                              d="M19 6.41L17.59 5 12 10.59 6.41 5 5 6.41 10.59 12 5 17.59 6.41 19 12 13.41 17.59 19 19 17.59 13.41 12z"
                            />
                          </svg>
                        </span>
                        <span
                          class="MuiTouchRipple-root"
                        />
                      </button>
                    </div>
                  </div>
                </div>
              </div>
            </div>
          </div>
        </div>
      </div>
    </div>
  </div>
</DocumentFragment>
`;

exports[`renders correctly with invalid path 1`] = `<DocumentFragment />`;

exports[`renders correctly with new purchase 1`] = `
<DocumentFragment>
  <div
    class="makeStyles-root-12"
  >
    <header
      class="MuiPaper-root MuiAppBar-root MuiAppBar-positionStatic MuiAppBar-colorPrimary MuiPaper-elevation4"
    >
      <div
        class="MuiToolbar-root MuiToolbar-regular MuiToolbar-gutters"
      >
        <button
          class="MuiButtonBase-root MuiIconButton-root MuiIconButton-colorInherit"
          tabindex="0"
          type="button"
        >
          <span
            class="MuiIconButton-label"
          >
            <svg
              aria-hidden="true"
              class="MuiSvgIcon-root"
              focusable="false"
              viewBox="0 0 24 24"
            >
              <path
                d="M20 11H7.83l5.59-5.59L12 4l-8 8 8 8 1.41-1.41L7.83 13H20v-2z"
              />
            </svg>
          </span>
          <span
            class="MuiTouchRipple-root"
          />
        </button>
        <h6
          class="MuiTypography-root makeStyles-title-14 MuiTypography-h6"
        >
          Edit Purchase
        </h6>
        <button
          class="MuiButtonBase-root MuiIconButton-root MuiIconButton-colorInherit"
          tabindex="0"
          type="button"
        >
          <span
            class="MuiIconButton-label"
          >
            <svg
              aria-hidden="true"
              class="MuiSvgIcon-root"
              focusable="false"
              viewBox="0 0 24 24"
            >
              <path
                d="M9 16.2L4.8 12l-1.4 1.4L9 19 21 7l-1.4-1.4L9 16.2z"
              />
            </svg>
          </span>
          <span
            class="MuiTouchRipple-root"
          />
        </button>
      </div>
    </header>
    <div
      class="makeStyles-contentRoot-13"
    >
      <div
        class="MuiContainer-root MuiContainer-fixed MuiContainer-maxWidthLg"
        style="width: 100%; height: 100%;"
      >
        <div
          class="MuiPaper-root MuiPaper-elevation1 MuiPaper-rounded"
        >
          <div
            class="MuiBox-root MuiBox-root-15"
          >
            <div
              class="MuiFormGroup-root"
            >
              <div
                aria-expanded="false"
                class="MuiAutocomplete-root MuiAutocomplete-hasClearIcon"
                role="combobox"
              >
                <div
                  class="MuiFormControl-root MuiTextField-root MuiFormControl-fullWidth"
                >
                  <label
                    class="MuiFormLabel-root MuiInputLabel-root MuiInputLabel-formControl MuiInputLabel-animated"
                    data-shrink="false"
                    for="product-autocomplete"
                    id="product-autocomplete-label"
                  >
                    Product
                  </label>
                  <div
                    class="MuiInputBase-root MuiInput-root MuiInput-underline MuiAutocomplete-inputRoot MuiInputBase-fullWidth MuiInput-fullWidth MuiInputBase-formControl MuiInput-formControl MuiInputBase-adornedEnd"
                  >
                    <input
                      aria-autocomplete="list"
                      aria-invalid="false"
                      autocapitalize="none"
                      autocomplete="off"
                      class="MuiInputBase-input MuiInput-input MuiAutocomplete-input MuiAutocomplete-inputFocused MuiInputBase-inputAdornedEnd"
                      id="product-autocomplete"
                      spellcheck="false"
                      type="text"
                      value=""
                    />
                    <div
                      class="MuiAutocomplete-endAdornment"
                    >
                      <button
                        aria-label="Clear"
                        class="MuiButtonBase-root MuiIconButton-root MuiAutocomplete-clearIndicator MuiAutocomplete-clearIndicatorDirty"
                        tabindex="-1"
                        title="Clear"
                        type="button"
                      >
                        <span
                          class="MuiIconButton-label"
                        >
                          <svg
                            aria-hidden="true"
                            class="MuiSvgIcon-root MuiSvgIcon-fontSizeSmall"
                            focusable="false"
                            viewBox="0 0 24 24"
                          >
                            <path
                              d="M19 6.41L17.59 5 12 10.59 6.41 5 5 6.41 10.59 12 5 17.59 6.41 19 12 13.41 17.59 19 19 17.59 13.41 12z"
                            />
                          </svg>
                        </span>
                        <span
                          class="MuiTouchRipple-root"
                        />
                      </button>
                    </div>
                  </div>
                </div>
              </div>
              <div
                class="MuiFormControl-root MuiTextField-root MuiFormControl-marginNormal"
              >
                <label
                  class="MuiFormLabel-root MuiInputLabel-root MuiInputLabel-formControl MuiInputLabel-animated MuiInputLabel-shrink MuiFormLabel-filled"
                  data-shrink="true"
                >
                  Purchase Date
                </label>
                <div
                  class="MuiInputBase-root MuiInput-root MuiInput-underline MuiInputBase-formControl MuiInput-formControl MuiInputBase-adornedEnd"
                >
                  <input
                    aria-invalid="false"
                    class="MuiInputBase-input MuiInput-input MuiInputBase-inputAdornedEnd"
                    type="text"
                    value="01.01.2020"
                  />
                  <div
                    class="MuiInputAdornment-root MuiInputAdornment-positionEnd"
                  >
                    <button
                      class="MuiButtonBase-root MuiIconButton-root"
                      tabindex="0"
                      type="button"
                    >
                      <span
                        class="MuiIconButton-label"
                      >
                        <svg
                          aria-hidden="true"
                          class="MuiSvgIcon-root"
                          focusable="false"
                          viewBox="0 0 24 24"
                        >
                          <path
                            d="M17 12h-5v5h5v-5zM16 1v2H8V1H6v2H5c-1.11 0-1.99.9-1.99 2L3 19c0 1.1.89 2 2 2h14c1.1 0 2-.9 2-2V5c0-1.1-.9-2-2-2h-1V1h-2zm3 18H5V8h14v11z"
                          />
                          <path
                            d="M0 0h24v24H0z"
                            fill="none"
                          />
                        </svg>
                      </span>
                      <span
                        class="MuiTouchRipple-root"
                      />
                    </button>
                  </div>
                </div>
              </div>
              <div
                class="MuiFormControl-root MuiTextField-root"
              >
                <label
                  class="MuiFormLabel-root MuiInputLabel-root MuiInputLabel-formControl MuiInputLabel-animated MuiInputLabel-shrink MuiFormLabel-filled"
                  data-shrink="true"
                >
                  Price
                </label>
                <div
                  class="MuiInputBase-root MuiInput-root MuiInput-underline MuiInputBase-formControl MuiInput-formControl MuiInputBase-adornedEnd"
                >
                  <input
                    aria-invalid="false"
                    class="MuiInputBase-input MuiInput-input MuiInputBase-inputAdornedEnd"
                    type="number"
                    value="1"
                  />
                  <div
                    class="MuiInputAdornment-root MuiInputAdornment-positionEnd"
                  >
                    <p
                      class="MuiTypography-root MuiTypography-body1 MuiTypography-colorTextSecondary"
                    >
                      â‚¬
                    </p>
                  </div>
                </div>
              </div>
              <div
                class="MuiFormControl-root MuiTextField-root"
              >
                <label
                  class="MuiFormLabel-root MuiInputLabel-root MuiInputLabel-formControl MuiInputLabel-animated MuiInputLabel-shrink MuiFormLabel-filled"
                  data-shrink="true"
                >
                  Quantity
                </label>
                <div
                  class="MuiInputBase-root MuiInput-root MuiInput-underline MuiInputBase-formControl MuiInput-formControl"
                >
                  <input
                    aria-invalid="false"
                    class="MuiInputBase-input MuiInput-input"
                    type="number"
                    value="1"
                  />
                </div>
              </div>
              <div
                aria-expanded="false"
                class="MuiAutocomplete-root MuiAutocomplete-hasClearIcon"
                role="combobox"
              >
                <div
                  class="MuiFormControl-root MuiTextField-root MuiFormControl-fullWidth"
                >
                  <label
                    class="MuiFormLabel-root MuiInputLabel-root MuiInputLabel-formControl MuiInputLabel-animated"
                    data-shrink="false"
                    for="tag-autocomplete"
                    id="tag-autocomplete-label"
                  >
                    Tags
                  </label>
                  <div
                    class="MuiInputBase-root MuiInput-root MuiInput-underline MuiAutocomplete-inputRoot MuiInputBase-fullWidth MuiInput-fullWidth MuiInputBase-formControl MuiInput-formControl MuiInputBase-adornedEnd"
                  >
                    <input
                      aria-autocomplete="list"
                      aria-invalid="false"
                      autocapitalize="none"
                      autocomplete="off"
                      class="MuiInputBase-input MuiInput-input MuiAutocomplete-input MuiAutocomplete-inputFocused MuiInputBase-inputAdornedEnd"
                      id="tag-autocomplete"
                      placeholder="Add Tag"
                      spellcheck="false"
                      type="text"
                      value=""
                    />
                    <div
                      class="MuiAutocomplete-endAdornment"
                    >
                      <button
                        aria-label="Clear"
                        class="MuiButtonBase-root MuiIconButton-root MuiAutocomplete-clearIndicator"
                        tabindex="-1"
                        title="Clear"
                        type="button"
                      >
                        <span
                          class="MuiIconButton-label"
                        >
                          <svg
                            aria-hidden="true"
                            class="MuiSvgIcon-root MuiSvgIcon-fontSizeSmall"
                            focusable="false"
                            viewBox="0 0 24 24"
                          >
                            <path
                              d="M19 6.41L17.59 5 12 10.59 6.41 5 5 6.41 10.59 12 5 17.59 6.41 19 12 13.41 17.59 19 19 17.59 13.41 12z"
                            />
                          </svg>
                        </span>
                        <span
                          class="MuiTouchRipple-root"
                        />
                      </button>
                    </div>
                  </div>
                </div>
              </div>
            </div>
          </div>
        </div>
      </div>
    </div>
  </div>
</DocumentFragment>
`;

exports[`renders correctly with nonexistent purchase 1`] = `
<DocumentFragment>
  <div
    class="makeStyles-root-2"
  >
    <header
      class="MuiPaper-root MuiAppBar-root MuiAppBar-positionStatic MuiAppBar-colorPrimary MuiPaper-elevation4"
    >
      <div
        class="MuiToolbar-root MuiToolbar-regular MuiToolbar-gutters"
      >
        <button
          class="MuiButtonBase-root MuiIconButton-root MuiIconButton-colorInherit"
          tabindex="0"
          type="button"
        >
          <span
            class="MuiIconButton-label"
          >
            <svg
              aria-hidden="true"
              class="MuiSvgIcon-root"
              focusable="false"
              viewBox="0 0 24 24"
            >
              <path
                d="M20 11H7.83l5.59-5.59L12 4l-8 8 8 8 1.41-1.41L7.83 13H20v-2z"
              />
            </svg>
          </span>
          <span
            class="MuiTouchRipple-root"
          />
        </button>
        <h6
          class="MuiTypography-root makeStyles-title-4 MuiTypography-h6"
        >
          Edit Purchase
        </h6>
      </div>
    </header>
    <div
      class="makeStyles-contentRoot-3"
    >
      <div
        class="MuiContainer-root MuiContainer-fixed MuiContainer-maxWidthLg"
        style="width: 100%; height: 100%;"
      >
        <div
          class="MuiPaper-root MuiPaper-elevation1 MuiPaper-rounded"
        >
          <div
            class="makeStyles-centeredContainer-5"
          >
            <div
              class="MuiCircularProgress-root MuiCircularProgress-colorSecondary MuiCircularProgress-indeterminate"
              role="progressbar"
              style="width: 40px; height: 40px;"
            >
              <svg
                class="MuiCircularProgress-svg"
                viewBox="22 22 44 44"
              >
                <circle
                  class="MuiCircularProgress-circle MuiCircularProgress-circleIndeterminate"
                  cx="44"
                  cy="44"
                  fill="none"
                  r="20.2"
                  stroke-width="3.6"
                />
              </svg>
            </div>
          </div>
        </div>
      </div>
    </div>
  </div>
</DocumentFragment>
`;
